4/12/2025 11:42:02 [Error]: S'ha produït un error: Could not load file or assembly 'Microsoft.Bcl.AsyncInterfaces, Version=6.0.0.0, Culture=neutral, PublicKeyToken=cc7b13ffcd2ddd51' or one of its dependencies. El sistema no puede encontrar el archivo especificado.

4/12/2025 11:42:02 [Error]: Detalls:    at Examen.Intermediari.Redis.Connexio.Connectar()

4/12/2025 11:42:02 [Error]:    at Examen.Intermediari.Redis.Professor.SubscriuresInici(String idSessio, Action`4 enRebre) in D:\Privat\Programacio\Git\Examen\Intermediari\Redis\Professor.cs:line 64

4/12/2025 11:42:02 [Error]: S'ha produït un error: Could not load file or assembly 'Microsoft.Bcl.AsyncInterfaces, Version=6.0.0.0, Culture=neutral, PublicKeyToken=cc7b13ffcd2ddd51' or one of its dependencies. El sistema no puede encontrar el archivo especificado.

4/12/2025 11:42:02 [Error]: Detalls:    at Examen.Intermediari.Redis.Connexio.Connectar()

4/12/2025 11:42:02 [Error]:    at Examen.Intermediari.Redis.Professor.SubscriuresKeepAlive(String idSessio, Action`4 enRebre) in D:\Privat\Programacio\Git\Examen\Intermediari\Redis\Professor.cs:line 86

4/12/2025 11:42:02 [Error]: S'ha produït un error: Could not load file or assembly 'Microsoft.Bcl.AsyncInterfaces, Version=6.0.0.0, Culture=neutral, PublicKeyToken=cc7b13ffcd2ddd51' or one of its dependencies. El sistema no puede encontrar el archivo especificado.

4/12/2025 11:42:02 [Error]: Detalls:    at Examen.Intermediari.Redis.Connexio.Connectar()

4/12/2025 11:42:02 [Error]:    at Examen.Intermediari.Redis.Professor.SubscriuresLlistaAplicacionsEnUs(String idSessio, Action`4 enRebre) in D:\Privat\Programacio\Git\Examen\Intermediari\Redis\Professor.cs:line 42

4/12/2025 11:42:28 [Question]: Vols finalitzar el programa?

4/12/2025 12:20:08 [Error]: S'ha produït un error: Could not load file or assembly 'Microsoft.Bcl.AsyncInterfaces, Version=6.0.0.0, Culture=neutral, PublicKeyToken=cc7b13ffcd2ddd51' or one of its dependencies. El sistema no puede encontrar el archivo especificado.

4/12/2025 12:20:08 [Error]: Detalls:    at Examen.Intermediari.Redis.Connexio.Connectar()

4/12/2025 12:20:08 [Error]:    at Examen.Intermediari.Redis.Professor.SubscriuresInici(String idSessio, Action`4 enRebre) in D:\Privat\Programacio\Git\Examen\Intermediari\Redis\Professor.cs:line 64

4/12/2025 12:20:08 [Error]: S'ha produït un error: Could not load file or assembly 'Microsoft.Bcl.AsyncInterfaces, Version=6.0.0.0, Culture=neutral, PublicKeyToken=cc7b13ffcd2ddd51' or one of its dependencies. El sistema no puede encontrar el archivo especificado.

4/12/2025 12:20:08 [Error]: Detalls:    at Examen.Intermediari.Redis.Connexio.Connectar()

4/12/2025 12:20:08 [Error]:    at Examen.Intermediari.Redis.Professor.SubscriuresFi(String idSessio, Action`3 enRebre) in D:\Privat\Programacio\Git\Examen\Intermediari\Redis\Professor.cs:line 86

4/12/2025 12:20:08 [Error]: S'ha produït un error: Could not load file or assembly 'Microsoft.Bcl.AsyncInterfaces, Version=6.0.0.0, Culture=neutral, PublicKeyToken=cc7b13ffcd2ddd51' or one of its dependencies. El sistema no puede encontrar el archivo especificado.

4/12/2025 12:20:08 [Error]: Detalls:    at Examen.Intermediari.Redis.Connexio.Connectar()

4/12/2025 12:20:08 [Error]:    at Examen.Intermediari.Redis.Professor.SubscriuresFiServidor(String idSessio, Action`3 enRebre) in D:\Privat\Programacio\Git\Examen\Intermediari\Redis\Professor.cs:line 107

4/12/2025 12:20:08 [Error]: S'ha produït un error: Could not load file or assembly 'Microsoft.Bcl.AsyncInterfaces, Version=6.0.0.0, Culture=neutral, PublicKeyToken=cc7b13ffcd2ddd51' or one of its dependencies. El sistema no puede encontrar el archivo especificado.

4/12/2025 12:20:08 [Error]: Detalls:    at Examen.Intermediari.Redis.Connexio.Connectar()

4/12/2025 12:20:08 [Error]:    at Examen.Intermediari.Redis.Professor.SubscriuresKeepAlive(String idSessio, Action`3 enRebre) in D:\Privat\Programacio\Git\Examen\Intermediari\Redis\Professor.cs:line 128

4/12/2025 12:20:08 [Error]: S'ha produït un error: Could not load file or assembly 'Microsoft.Bcl.AsyncInterfaces, Version=6.0.0.0, Culture=neutral, PublicKeyToken=cc7b13ffcd2ddd51' or one of its dependencies. El sistema no puede encontrar el archivo especificado.

4/12/2025 12:20:08 [Error]: Detalls:    at Examen.Intermediari.Redis.Connexio.Connectar()

4/12/2025 12:20:08 [Error]:    at Examen.Intermediari.Redis.Professor.SubscriuresDeteccio(String idSessio, Action`3 enRebre) in D:\Privat\Programacio\Git\Examen\Intermediari\Redis\Professor.cs:line 170

4/12/2025 12:20:08 [Error]: S'ha produït un error: Could not load file or assembly 'Microsoft.Bcl.AsyncInterfaces, Version=6.0.0.0, Culture=neutral, PublicKeyToken=cc7b13ffcd2ddd51' or one of its dependencies. El sistema no puede encontrar el archivo especificado.

4/12/2025 12:20:08 [Error]: Detalls:    at Examen.Intermediari.Redis.Connexio.Connectar()

4/12/2025 12:20:08 [Error]:    at Examen.Intermediari.Redis.Professor.SubscriuresKeepAliveAmdDeteccio(String idSessio, Action`3 enRebre) in D:\Privat\Programacio\Git\Examen\Intermediari\Redis\Professor.cs:line 149

4/12/2025 12:20:08 [Error]: S'ha produït un error: Could not load file or assembly 'Microsoft.Bcl.AsyncInterfaces, Version=6.0.0.0, Culture=neutral, PublicKeyToken=cc7b13ffcd2ddd51' or one of its dependencies. El sistema no puede encontrar el archivo especificado.

4/12/2025 12:20:08 [Error]: Detalls:    at Examen.Intermediari.Redis.Connexio.Connectar()

4/12/2025 12:20:08 [Error]:    at Examen.Intermediari.Redis.Professor.SubscriuresLlistaAplicacionsEnUs(String idSessio, Action`4 enRebre) in D:\Privat\Programacio\Git\Examen\Intermediari\Redis\Professor.cs:line 42

4/12/2025 13:07:50 [Error]: S'ha produït un error: Could not load file or assembly 'Microsoft.Bcl.AsyncInterfaces, Version=6.0.0.0, Culture=neutral, PublicKeyToken=cc7b13ffcd2ddd51' or one of its dependencies. El sistema no puede encontrar el archivo especificado.

4/12/2025 13:07:50 [Error]: Detalls:    at Examen.Intermediari.Redis.Connexio.Connectar()

4/12/2025 13:07:50 [Error]:    at Examen.Intermediari.Redis.Professor.SubscriuresInici(String idSessio, Action`4 enRebre) in D:\Privat\Programacio\Git\Examen\Intermediari\Redis\Professor.cs:line 64

4/12/2025 13:07:50 [Error]: S'ha produït un error: Could not load file or assembly 'Microsoft.Bcl.AsyncInterfaces, Version=6.0.0.0, Culture=neutral, PublicKeyToken=cc7b13ffcd2ddd51' or one of its dependencies. El sistema no puede encontrar el archivo especificado.

4/12/2025 13:07:50 [Error]: Detalls:    at Examen.Intermediari.Redis.Connexio.Connectar()

4/12/2025 13:07:50 [Error]:    at Examen.Intermediari.Redis.Professor.SubscriuresFi(String idSessio, Action`3 enRebre) in D:\Privat\Programacio\Git\Examen\Intermediari\Redis\Professor.cs:line 86

4/12/2025 13:07:50 [Error]: S'ha produït un error: Could not load file or assembly 'Microsoft.Bcl.AsyncInterfaces, Version=6.0.0.0, Culture=neutral, PublicKeyToken=cc7b13ffcd2ddd51' or one of its dependencies. El sistema no puede encontrar el archivo especificado.

4/12/2025 13:07:50 [Error]: Detalls:    at Examen.Intermediari.Redis.Connexio.Connectar()

4/12/2025 13:07:50 [Error]:    at Examen.Intermediari.Redis.Professor.SubscriuresFiServidor(String idSessio, Action`3 enRebre) in D:\Privat\Programacio\Git\Examen\Intermediari\Redis\Professor.cs:line 107

4/12/2025 13:07:50 [Error]: S'ha produït un error: Could not load file or assembly 'Microsoft.Bcl.AsyncInterfaces, Version=6.0.0.0, Culture=neutral, PublicKeyToken=cc7b13ffcd2ddd51' or one of its dependencies. El sistema no puede encontrar el archivo especificado.

4/12/2025 13:07:50 [Error]: Detalls:    at Examen.Intermediari.Redis.Connexio.Connectar()

4/12/2025 13:07:50 [Error]:    at Examen.Intermediari.Redis.Professor.SubscriuresKeepAlive(String idSessio, Action`3 enRebre) in D:\Privat\Programacio\Git\Examen\Intermediari\Redis\Professor.cs:line 128

4/12/2025 13:07:50 [Error]: S'ha produït un error: Could not load file or assembly 'Microsoft.Bcl.AsyncInterfaces, Version=6.0.0.0, Culture=neutral, PublicKeyToken=cc7b13ffcd2ddd51' or one of its dependencies. El sistema no puede encontrar el archivo especificado.

4/12/2025 13:07:50 [Error]: Detalls:    at Examen.Intermediari.Redis.Connexio.Connectar()

4/12/2025 13:07:50 [Error]:    at Examen.Intermediari.Redis.Professor.SubscriuresDeteccio(String idSessio, Action`3 enRebre) in D:\Privat\Programacio\Git\Examen\Intermediari\Redis\Professor.cs:line 170

4/12/2025 13:07:50 [Error]: S'ha produït un error: Could not load file or assembly 'Microsoft.Bcl.AsyncInterfaces, Version=6.0.0.0, Culture=neutral, PublicKeyToken=cc7b13ffcd2ddd51' or one of its dependencies. El sistema no puede encontrar el archivo especificado.

4/12/2025 13:07:50 [Error]: Detalls:    at Examen.Intermediari.Redis.Connexio.Connectar()

4/12/2025 13:07:50 [Error]:    at Examen.Intermediari.Redis.Professor.SubscriuresKeepAliveAmdDeteccio(String idSessio, Action`3 enRebre) in D:\Privat\Programacio\Git\Examen\Intermediari\Redis\Professor.cs:line 149

4/12/2025 13:07:50 [Error]: S'ha produït un error: Could not load file or assembly 'Microsoft.Bcl.AsyncInterfaces, Version=6.0.0.0, Culture=neutral, PublicKeyToken=cc7b13ffcd2ddd51' or one of its dependencies. El sistema no puede encontrar el archivo especificado.

4/12/2025 13:07:50 [Error]: Detalls:    at Examen.Intermediari.Redis.Connexio.Connectar()

4/12/2025 13:07:50 [Error]:    at Examen.Intermediari.Redis.Professor.SubscriuresLlistaAplicacionsEnUs(String idSessio, Action`4 enRebre) in D:\Privat\Programacio\Git\Examen\Intermediari\Redis\Professor.cs:line 42

4/12/2025 13:08:12 [Question]: Vols finalitzar el programa?

4/12/2025 19:12:14 [Error]: S'ha produït un error: Could not load file or assembly 'Microsoft.Bcl.AsyncInterfaces, Version=6.0.0.0, Culture=neutral, PublicKeyToken=cc7b13ffcd2ddd51' or one of its dependencies. El sistema no puede encontrar el archivo especificado.

4/12/2025 19:12:14 [Error]: Detalls:    at Examen.Intermediari.Redis.Connexio.Connectar()

4/12/2025 19:12:14 [Error]:    at Examen.Intermediari.Redis.Professor.SubscriuresInici(String idSessio, Action`4 enRebre) in D:\Privat\Programacio\Git\Examen\Intermediari\Redis\Professor.cs:line 64

4/12/2025 19:12:14 [Error]: S'ha produït un error: Could not load file or assembly 'Microsoft.Bcl.AsyncInterfaces, Version=6.0.0.0, Culture=neutral, PublicKeyToken=cc7b13ffcd2ddd51' or one of its dependencies. El sistema no puede encontrar el archivo especificado.

4/12/2025 19:12:14 [Error]: Detalls:    at Examen.Intermediari.Redis.Connexio.Connectar()

4/12/2025 19:12:14 [Error]:    at Examen.Intermediari.Redis.Professor.SubscriuresFi(String idSessio, Action`3 enRebre) in D:\Privat\Programacio\Git\Examen\Intermediari\Redis\Professor.cs:line 86

4/12/2025 19:12:14 [Error]: S'ha produït un error: Could not load file or assembly 'Microsoft.Bcl.AsyncInterfaces, Version=6.0.0.0, Culture=neutral, PublicKeyToken=cc7b13ffcd2ddd51' or one of its dependencies. El sistema no puede encontrar el archivo especificado.

4/12/2025 19:12:14 [Error]: Detalls:    at Examen.Intermediari.Redis.Connexio.Connectar()

4/12/2025 19:12:14 [Error]:    at Examen.Intermediari.Redis.Professor.SubscriuresFiServidor(String idSessio, Action`3 enRebre) in D:\Privat\Programacio\Git\Examen\Intermediari\Redis\Professor.cs:line 107

4/12/2025 19:12:14 [Error]: S'ha produït un error: Could not load file or assembly 'Microsoft.Bcl.AsyncInterfaces, Version=6.0.0.0, Culture=neutral, PublicKeyToken=cc7b13ffcd2ddd51' or one of its dependencies. El sistema no puede encontrar el archivo especificado.

4/12/2025 19:12:14 [Error]: Detalls:    at Examen.Intermediari.Redis.Connexio.Connectar()

4/12/2025 19:12:14 [Error]:    at Examen.Intermediari.Redis.Professor.SubscriuresKeepAlive(String idSessio, Action`3 enRebre) in D:\Privat\Programacio\Git\Examen\Intermediari\Redis\Professor.cs:line 128

4/12/2025 19:12:15 [Error]: S'ha produït un error: Could not load file or assembly 'Microsoft.Bcl.AsyncInterfaces, Version=6.0.0.0, Culture=neutral, PublicKeyToken=cc7b13ffcd2ddd51' or one of its dependencies. El sistema no puede encontrar el archivo especificado.

4/12/2025 19:12:15 [Error]: Detalls:    at Examen.Intermediari.Redis.Connexio.Connectar()

4/12/2025 19:12:15 [Error]:    at Examen.Intermediari.Redis.Professor.SubscriuresDeteccio(String idSessio, Action`3 enRebre) in D:\Privat\Programacio\Git\Examen\Intermediari\Redis\Professor.cs:line 170

4/12/2025 19:12:15 [Error]: S'ha produït un error: Could not load file or assembly 'Microsoft.Bcl.AsyncInterfaces, Version=6.0.0.0, Culture=neutral, PublicKeyToken=cc7b13ffcd2ddd51' or one of its dependencies. El sistema no puede encontrar el archivo especificado.

4/12/2025 19:12:15 [Error]: Detalls:    at Examen.Intermediari.Redis.Connexio.Connectar()

4/12/2025 19:12:15 [Error]:    at Examen.Intermediari.Redis.Professor.SubscriuresKeepAliveAmdDeteccio(String idSessio, Action`3 enRebre) in D:\Privat\Programacio\Git\Examen\Intermediari\Redis\Professor.cs:line 149

4/12/2025 19:12:15 [Error]: S'ha produït un error: Could not load file or assembly 'Microsoft.Bcl.AsyncInterfaces, Version=6.0.0.0, Culture=neutral, PublicKeyToken=cc7b13ffcd2ddd51' or one of its dependencies. El sistema no puede encontrar el archivo especificado.

4/12/2025 19:12:15 [Error]: Detalls:    at Examen.Intermediari.Redis.Connexio.Connectar()

4/12/2025 19:12:15 [Error]:    at Examen.Intermediari.Redis.Professor.SubscriuresLlistaAplicacionsEnUs(String idSessio, Action`4 enRebre) in D:\Privat\Programacio\Git\Examen\Intermediari\Redis\Professor.cs:line 42

4/12/2025 19:32:08 [Error]: S'ha produït un error: Could not load file or assembly 'Microsoft.Bcl.AsyncInterfaces, Version=6.0.0.0, Culture=neutral, PublicKeyToken=cc7b13ffcd2ddd51' or one of its dependencies. El sistema no puede encontrar el archivo especificado.

4/12/2025 19:32:08 [Error]: Detalls:    at Examen.Intermediari.Redis.Connexio.Connectar()

4/12/2025 19:32:08 [Error]:    at Examen.Intermediari.Redis.Professor.SubscriuresInici(String idSessio, Action`4 enRebre) in D:\Privat\Programacio\Git\Examen\Intermediari\Redis\Professor.cs:line 64

4/12/2025 19:32:08 [Error]: S'ha produït un error: Could not load file or assembly 'Microsoft.Bcl.AsyncInterfaces, Version=6.0.0.0, Culture=neutral, PublicKeyToken=cc7b13ffcd2ddd51' or one of its dependencies. El sistema no puede encontrar el archivo especificado.

4/12/2025 19:32:08 [Error]: Detalls:    at Examen.Intermediari.Redis.Connexio.Connectar()

4/12/2025 19:32:08 [Error]:    at Examen.Intermediari.Redis.Professor.SubscriuresFi(String idSessio, Action`3 enRebre) in D:\Privat\Programacio\Git\Examen\Intermediari\Redis\Professor.cs:line 86

4/12/2025 19:32:08 [Error]: S'ha produït un error: Could not load file or assembly 'Microsoft.Bcl.AsyncInterfaces, Version=6.0.0.0, Culture=neutral, PublicKeyToken=cc7b13ffcd2ddd51' or one of its dependencies. El sistema no puede encontrar el archivo especificado.

4/12/2025 19:32:08 [Error]: Detalls:    at Examen.Intermediari.Redis.Connexio.Connectar()

4/12/2025 19:32:08 [Error]:    at Examen.Intermediari.Redis.Professor.SubscriuresFiServidor(String idSessio, Action`3 enRebre) in D:\Privat\Programacio\Git\Examen\Intermediari\Redis\Professor.cs:line 107

4/12/2025 19:32:08 [Error]: S'ha produït un error: Could not load file or assembly 'Microsoft.Bcl.AsyncInterfaces, Version=6.0.0.0, Culture=neutral, PublicKeyToken=cc7b13ffcd2ddd51' or one of its dependencies. El sistema no puede encontrar el archivo especificado.

4/12/2025 19:32:08 [Error]: Detalls:    at Examen.Intermediari.Redis.Connexio.Connectar()

4/12/2025 19:32:08 [Error]:    at Examen.Intermediari.Redis.Professor.SubscriuresKeepAlive(String idSessio, Action`3 enRebre) in D:\Privat\Programacio\Git\Examen\Intermediari\Redis\Professor.cs:line 128

4/12/2025 19:32:08 [Error]: S'ha produït un error: Could not load file or assembly 'Microsoft.Bcl.AsyncInterfaces, Version=6.0.0.0, Culture=neutral, PublicKeyToken=cc7b13ffcd2ddd51' or one of its dependencies. El sistema no puede encontrar el archivo especificado.

4/12/2025 19:32:08 [Error]: Detalls:    at Examen.Intermediari.Redis.Connexio.Connectar()

4/12/2025 19:32:08 [Error]:    at Examen.Intermediari.Redis.Professor.SubscriuresDeteccio(String idSessio, Action`3 enRebre) in D:\Privat\Programacio\Git\Examen\Intermediari\Redis\Professor.cs:line 170

4/12/2025 19:32:08 [Error]: S'ha produït un error: Could not load file or assembly 'Microsoft.Bcl.AsyncInterfaces, Version=6.0.0.0, Culture=neutral, PublicKeyToken=cc7b13ffcd2ddd51' or one of its dependencies. El sistema no puede encontrar el archivo especificado.

4/12/2025 19:32:08 [Error]: Detalls:    at Examen.Intermediari.Redis.Connexio.Connectar()

4/12/2025 19:32:08 [Error]:    at Examen.Intermediari.Redis.Professor.SubscriuresKeepAliveAmdDeteccio(String idSessio, Action`3 enRebre) in D:\Privat\Programacio\Git\Examen\Intermediari\Redis\Professor.cs:line 149

4/12/2025 19:32:08 [Error]: S'ha produït un error: Could not load file or assembly 'Microsoft.Bcl.AsyncInterfaces, Version=6.0.0.0, Culture=neutral, PublicKeyToken=cc7b13ffcd2ddd51' or one of its dependencies. El sistema no puede encontrar el archivo especificado.

4/12/2025 19:32:08 [Error]: Detalls:    at Examen.Intermediari.Redis.Connexio.Connectar()

4/12/2025 19:32:08 [Error]:    at Examen.Intermediari.Redis.Professor.SubscriuresLlistaAplicacionsEnUs(String idSessio, Action`4 enRebre) in D:\Privat\Programacio\Git\Examen\Intermediari\Redis\Professor.cs:line 42

4/12/2025 20:42:38 [Error]: S'ha produït un error: Could not load file or assembly 'Microsoft.Bcl.AsyncInterfaces, Version=6.0.0.0, Culture=neutral, PublicKeyToken=cc7b13ffcd2ddd51' or one of its dependencies. El sistema no puede encontrar el archivo especificado.

4/12/2025 20:42:38 [Error]: Detalls:    at Examen.Intermediari.Redis.Connexio.Connectar()

4/12/2025 20:42:38 [Error]:    at Examen.Intermediari.Redis.Connexio.EnviaMissatge(String clau, Object objecte) in D:\Privat\Programacio\Git\Examen\Intermediari\Redis\Connexio.cs:line 103

4/12/2025 20:42:38 [Error]: S'ha produït un error: Could not load file or assembly 'Microsoft.Bcl.AsyncInterfaces, Version=6.0.0.0, Culture=neutral, PublicKeyToken=cc7b13ffcd2ddd51' or one of its dependencies. El sistema no puede encontrar el archivo especificado.

4/12/2025 20:42:38 [Error]: Detalls:    at Examen.Intermediari.Redis.Connexio.Connectar()

4/12/2025 20:42:38 [Error]:    at Examen.Intermediari.Redis.Professor.SubscriuresInici(String idSessio, Action`4 enRebre) in D:\Privat\Programacio\Git\Examen\Intermediari\Redis\Professor.cs:line 64

4/12/2025 20:42:38 [Error]: S'ha produït un error: Could not load file or assembly 'Microsoft.Bcl.AsyncInterfaces, Version=6.0.0.0, Culture=neutral, PublicKeyToken=cc7b13ffcd2ddd51' or one of its dependencies. El sistema no puede encontrar el archivo especificado.

4/12/2025 20:42:38 [Error]: Detalls:    at Examen.Intermediari.Redis.Connexio.Connectar()

4/12/2025 20:42:38 [Error]:    at Examen.Intermediari.Redis.Professor.SubscriuresFi(String idSessio, Action`3 enRebre) in D:\Privat\Programacio\Git\Examen\Intermediari\Redis\Professor.cs:line 86

4/12/2025 20:42:38 [Error]: S'ha produït un error: Could not load file or assembly 'Microsoft.Bcl.AsyncInterfaces, Version=6.0.0.0, Culture=neutral, PublicKeyToken=cc7b13ffcd2ddd51' or one of its dependencies. El sistema no puede encontrar el archivo especificado.

4/12/2025 20:42:38 [Error]: Detalls:    at Examen.Intermediari.Redis.Connexio.Connectar()

4/12/2025 20:42:38 [Error]:    at Examen.Intermediari.Redis.Professor.SubscriuresFiServidor(String idSessio, Action`3 enRebre) in D:\Privat\Programacio\Git\Examen\Intermediari\Redis\Professor.cs:line 107

4/12/2025 20:42:39 [Error]: S'ha produït un error: Could not load file or assembly 'Microsoft.Bcl.AsyncInterfaces, Version=6.0.0.0, Culture=neutral, PublicKeyToken=cc7b13ffcd2ddd51' or one of its dependencies. El sistema no puede encontrar el archivo especificado.

4/12/2025 20:42:39 [Error]: Detalls:    at Examen.Intermediari.Redis.Connexio.Connectar()

4/12/2025 20:42:39 [Error]:    at Examen.Intermediari.Redis.Professor.SubscriuresKeepAlive(String idSessio, Action`3 enRebre) in D:\Privat\Programacio\Git\Examen\Intermediari\Redis\Professor.cs:line 128

4/12/2025 20:42:39 [Error]: S'ha produït un error: Could not load file or assembly 'Microsoft.Bcl.AsyncInterfaces, Version=6.0.0.0, Culture=neutral, PublicKeyToken=cc7b13ffcd2ddd51' or one of its dependencies. El sistema no puede encontrar el archivo especificado.

4/12/2025 20:42:39 [Error]: Detalls:    at Examen.Intermediari.Redis.Connexio.Connectar()

4/12/2025 20:42:39 [Error]:    at Examen.Intermediari.Redis.Professor.SubscriuresDeteccio(String idSessio, Action`3 enRebre) in D:\Privat\Programacio\Git\Examen\Intermediari\Redis\Professor.cs:line 170

4/12/2025 20:42:39 [Error]: S'ha produït un error: Could not load file or assembly 'Microsoft.Bcl.AsyncInterfaces, Version=6.0.0.0, Culture=neutral, PublicKeyToken=cc7b13ffcd2ddd51' or one of its dependencies. El sistema no puede encontrar el archivo especificado.

4/12/2025 20:42:39 [Error]: Detalls:    at Examen.Intermediari.Redis.Connexio.Connectar()

4/12/2025 20:42:39 [Error]:    at Examen.Intermediari.Redis.Professor.SubscriuresKeepAliveAmdDeteccio(String idSessio, Action`3 enRebre) in D:\Privat\Programacio\Git\Examen\Intermediari\Redis\Professor.cs:line 149

4/12/2025 20:42:39 [Error]: S'ha produït un error: Could not load file or assembly 'Microsoft.Bcl.AsyncInterfaces, Version=6.0.0.0, Culture=neutral, PublicKeyToken=cc7b13ffcd2ddd51' or one of its dependencies. El sistema no puede encontrar el archivo especificado.

4/12/2025 20:42:39 [Error]: Detalls:    at Examen.Intermediari.Redis.Connexio.Connectar()

4/12/2025 20:42:39 [Error]:    at Examen.Intermediari.Redis.Professor.SubscriuresLlistaAplicacionsEnUs(String idSessio, Action`4 enRebre) in D:\Privat\Programacio\Git\Examen\Intermediari\Redis\Professor.cs:line 42

5/12/2025 8:25:01 [Error]: S'ha produït un error: Error converting value 5/12/2025 8:23:43 to type 'Examen.Suport.Classes.Notificacio'. Path '', line 1, position 34.

5/12/2025 8:25:01 [Error]: Detalls:    at Newtonsoft.Json.Serialization.JsonSerializerInternalReader.EnsureType(JsonReader reader, Object value, CultureInfo culture, JsonContract contract, Type targetType)

5/12/2025 8:25:01 [Error]:    at Newtonsoft.Json.Serialization.JsonSerializerInternalReader.CreateValueInternal(JsonReader reader, Type objectType, JsonContract contract, JsonProperty member, JsonContainerContract containerContract, JsonProperty containerMember, Object existingValue)

5/12/2025 8:25:01 [Error]:    at Newtonsoft.Json.Serialization.JsonSerializerInternalReader.Deserialize(JsonReader reader, Type objectType, Boolean checkAdditionalContent)

5/12/2025 8:25:01 [Error]:    at Newtonsoft.Json.JsonSerializer.DeserializeInternal(JsonReader reader, Type objectType)

5/12/2025 8:25:01 [Error]:    at Newtonsoft.Json.JsonConvert.DeserializeObject(String value, Type type, JsonSerializerSettings settings)

5/12/2025 8:25:01 [Error]:    at Newtonsoft.Json.JsonConvert.DeserializeObject[T](String value, JsonSerializerSettings settings)

5/12/2025 8:25:01 [Error]:    at Examen.Suport.Funcions.Text.Deserialitzar[T](String json) in D:\Privat\Programacio\Git\Examen\Suport\Funcions\Text.cs:line 61

5/12/2025 8:25:01 [Error]:    at Examen.Intermediari.Redis.Connexio.<>c__DisplayClass18_0`1.<SubscriurePatro>b__0(RedisChannel canal, RedisValue redisValue) in D:\Privat\Programacio\Git\Examen\Intermediari\Redis\Connexio.cs:line 266

5/12/2025 8:52:47 [Error]: No s'ha pogut generar el Codi

5/12/2025 9:00:25 [Error]: No s'ha pogut generar el Codi

5/12/2025 9:41:31 [Information]: Estació LG connectada.

5/12/2025 9:44:19 [Information]: Estació LG connectada.

5/12/2025 9:46:33 [Information]: Estació LG connectada.

5/12/2025 9:47:42 [Question]: Vols finalitzar el programa?

5/12/2025 10:20:51 [Information]: Estació LG connectada.

5/12/2025 10:25:29 [Information]: Estació LG connectada.

5/12/2025 10:27:14 [Question]: Vols bloquejar l'estació LG ?

5/12/2025 10:27:40 [Information]: Estat:

5/12/2025 10:27:40 [Information]:     Actualització periódica, tot bé   

5/12/2025 10:27:40 [Information]: Informació: LG Electronics   

5/12/2025 10:27:40 [Information]: Identificador de la sessió: 00000000-0000-0000-0000-000000000000   

5/12/2025 10:27:43 [Information]: Estat:

5/12/2025 10:27:43 [Information]:     Actualització periódica, tot bé   

5/12/2025 10:27:43 [Information]: Informació: LG Electronics   

5/12/2025 10:27:43 [Information]: Identificador de la sessió: 00000000-0000-0000-0000-000000000000   

5/12/2025 10:27:44 [Information]: Estat:

5/12/2025 10:27:44 [Information]:     Actualització periódica, tot bé   

5/12/2025 10:27:44 [Information]: Informació: LG Electronics   

5/12/2025 10:27:44 [Information]: Identificador de la sessió: 00000000-0000-0000-0000-000000000000   

5/12/2025 10:27:45 [Information]: Estat:

5/12/2025 10:27:45 [Information]:     Actualització periódica, tot bé   

5/12/2025 10:27:45 [Information]: Informació: LG Electronics   

5/12/2025 10:27:45 [Information]: Identificador de la sessió: 00000000-0000-0000-0000-000000000000   

5/12/2025 10:27:47 [Question]: Vols finalitzar el programa?

